BL51 BANKED LINKER/LOCATER V6.22.2.0                                                    12/11/2020  11:37:58  PAGE 1


BL51 BANKED LINKER/LOCATER V6.22.2.0, INVOKED BY:
C:\PROGRAM FILES (X86)\KEIL_V5\C51\BIN\BL51.EXE .\Objects\STARTUP.obj, .\Objects\main.obj TO .\Objects\test PRINT (.\Lis
>> tings\test.m51) RAMSIZE (256)


MEMORY MODEL: SMALL


INPUT MODULES INCLUDED:
  .\Objects\STARTUP.obj (?C_STARTUP)
  .\Objects\main.obj (MAIN)
  C:\PROGRAM FILES (X86)\KEIL_V5\C51\LIB\C51S.LIB (?C_INIT)
  C:\PROGRAM FILES (X86)\KEIL_V5\C51\LIB\C51S.LIB (?C?COPY)


LINK MAP OF MODULE:  .\Objects\test (?C_STARTUP)


            TYPE    BASE      LENGTH    RELOCATION   SEGMENT NAME
            -----------------------------------------------------

            * * * * * * *   D A T A   M E M O R Y   * * * * * * *
            REG     0000H     0008H     ABSOLUTE     "REG BANK 0"
            DATA    0008H     0014H     UNIT         _DATA_GROUP_
            DATA    001CH     0010H     UNIT         ?DT?MAIN
            IDATA   002CH     0001H     UNIT         ?STACK

            * * * * * * *   C O D E   M E M O R Y   * * * * * * *
            CODE    0000H     0003H     ABSOLUTE     
            CODE    0003H     00F6H     UNIT         ?C?LIB_CODE
            CODE    00F9H     008CH     UNIT         ?C_C51STARTUP
            CODE    0185H     005CH     UNIT         ?PR?KEY_SCAN?MAIN
            CODE    01E1H     0050H     UNIT         ?PR?MAIN?MAIN
            CODE    0231H     0013H     UNIT         ?C_INITSEG
            CODE    0244H     0013H     UNIT         ?CO?MAIN
            CODE    0257H     000BH     UNIT         ?PR?_DELAY?MAIN



OVERLAY MAP OF MODULE:   .\Objects\test (?C_STARTUP)


SEGMENT                          DATA_GROUP 
  +--> CALLED SEGMENT          START    LENGTH
----------------------------------------------
?C_C51STARTUP                  -----    -----
  +--> ?PR?MAIN?MAIN
  +--> ?C_INITSEG

?PR?MAIN?MAIN                  0008H    0014H
  +--> ?CO?MAIN
  +--> ?PR?KEY_SCAN?MAIN
  +--> ?PR?_DELAY?MAIN

?PR?KEY_SCAN?MAIN              -----    -----
  +--> ?PR?_DELAY?MAIN


BL51 BANKED LINKER/LOCATER V6.22.2.0                                                  12/11/2020  11:37:58  PAGE 2



SYMBOL TABLE OF MODULE:  .\Objects\test (?C_STARTUP)

  VALUE           TYPE          NAME
  ----------------------------------

  -------         MODULE        ?C_STARTUP
  C:00F9H         SEGMENT       ?C_C51STARTUP
  I:002CH         SEGMENT       ?STACK
  C:0000H         PUBLIC        ?C_STARTUP
  D:00E0H         SYMBOL        ACC
  D:00F0H         SYMBOL        B
  D:0083H         SYMBOL        DPH
  D:0082H         SYMBOL        DPL
  N:0000H         SYMBOL        IBPSTACK
  N:0100H         SYMBOL        IBPSTACKTOP
  N:0080H         SYMBOL        IDATALEN
  C:00FCH         SYMBOL        IDATALOOP
  N:0000H         SYMBOL        PBPSTACK
  N:0100H         SYMBOL        PBPSTACKTOP
  N:0000H         SYMBOL        PDATALEN
  N:0000H         SYMBOL        PDATASTART
  N:0000H         SYMBOL        PPAGE
  N:0000H         SYMBOL        PPAGEENABLE
  D:00A0H         SYMBOL        PPAGE_SFR
  D:0081H         SYMBOL        SP
  C:00F9H         SYMBOL        STARTUP1
  N:0000H         SYMBOL        XBPSTACK
  N:0000H         SYMBOL        XBPSTACKTOP
  N:0000H         SYMBOL        XDATALEN
  N:0000H         SYMBOL        XDATASTART
  C:0000H         LINE#         126
  C:00F9H         LINE#         133
  C:00FBH         LINE#         134
  C:00FCH         LINE#         135
  C:00FDH         LINE#         136
  C:00FFH         LINE#         185
  C:0102H         LINE#         196
  -------         ENDMOD        ?C_STARTUP

  -------         MODULE        MAIN
  C:0000H         SYMBOL        _ICE_DUMMY_
  D:0080H         PUBLIC        P0
  D:0090H         PUBLIC        P1
  D:00B0H         PUBLIC        P3
  C:0257H         PUBLIC        _delay
  C:01E1H         PUBLIC        main
  B:00B0H.0       PUBLIC        LOCK
  C:0244H         SYMBOL        _?ix1000
  C:0254H         SYMBOL        _?ix1001
  C:0185H         PUBLIC        key_scan
  D:001CH         PUBLIC        keyCodeList
  -------         PROC          MAIN
  -------         DO            
  D:0008H         SYMBOL        button
  D:0009H         SYMBOL        display
  D:0019H         SYMBOL        status
BL51 BANKED LINKER/LOCATER V6.22.2.0                                                  12/11/2020  11:37:58  PAGE 3


  -------         ENDDO         
  C:01E1H         LINE#         13
  C:01E1H         LINE#         14
  C:01E1H         LINE#         16
  C:01F4H         LINE#         18
  C:0207H         LINE#         19
  C:020AH         LINE#         20
  C:020CH         LINE#         21
  C:020FH         LINE#         22
  C:020FH         LINE#         23
  C:020FH         LINE#         24
  C:0214H         LINE#         25
  C:0221H         LINE#         26
  C:0221H         LINE#         28
  C:0221H         LINE#         29
  C:0228H         LINE#         30
  C:022FH         LINE#         31
  C:022FH         LINE#         32
  -------         ENDPROC       MAIN
  -------         PROC          _DELAY
  D:0006H         SYMBOL        i
  C:0257H         LINE#         36
  C:0257H         LINE#         37
  C:0257H         LINE#         38
  C:0261H         LINE#         40
  -------         ENDPROC       _DELAY
  -------         PROC          KEY_SCAN
  -------         DO            
  D:0007H         SYMBOL        scan1
  D:0006H         SYMBOL        scan2
  D:0007H         SYMBOL        keyCode
  D:0005H         SYMBOL        keySelect
  D:0006H         SYMBOL        i
  -------         ENDDO         
  C:0185H         LINE#         43
  C:0185H         LINE#         44
  C:0185H         LINE#         48
  C:0187H         LINE#         49
  C:018AH         LINE#         50
  C:018CH         LINE#         51
  C:0198H         LINE#         52
  C:0198H         LINE#         53
  C:019FH         LINE#         54
  C:01A1H         LINE#         55
  C:01ADH         LINE#         56
  C:01ADH         LINE#         57
  C:01B0H         LINE#         58
  C:01B2H         LINE#         59
  C:01B5H         LINE#         60
  C:01C8H         LINE#         61
  C:01C8H         LINE#         62
  C:01D0H         LINE#         63
  C:01D0H         LINE#         64
  C:01D2H         LINE#         65
  C:01D4H         LINE#         66
  C:01D4H         LINE#         67
  C:01D7H         LINE#         68
BL51 BANKED LINKER/LOCATER V6.22.2.0                                                  12/11/2020  11:37:58  PAGE 4


  C:01DEH         LINE#         70
  C:01DEH         LINE#         71
  C:01DEH         LINE#         72
  C:01E0H         LINE#         73
  -------         ENDPROC       KEY_SCAN
  -------         ENDMOD        MAIN

  -------         MODULE        ?C?COPY
  C:00D3H         PUBLIC        ?C?COPY
  -------         ENDMOD        ?C?COPY

Program Size: data=45.0 xdata=0 code=610
LINK/LOCATE RUN COMPLETE.  0 WARNING(S),  0 ERROR(S)
