BL51 BANKED LINKER/LOCATER V6.22.2.0                                                    11/26/2020  23:45:08  PAGE 1


BL51 BANKED LINKER/LOCATER V6.22.2.0, INVOKED BY:
C:\PROGRAM FILES (X86)\KEIL_V5\C51\BIN\BL51.EXE .\Objects\STARTUP.obj, .\Objects\main.obj TO .\Objects\test PRINT (.\Lis
>> tings\test.m51) RAMSIZE (256)


MEMORY MODEL: SMALL


INPUT MODULES INCLUDED:
  .\Objects\STARTUP.obj (?C_STARTUP)
  .\Objects\main.obj (MAIN)


LINK MAP OF MODULE:  .\Objects\test (?C_STARTUP)


            TYPE    BASE      LENGTH    RELOCATION   SEGMENT NAME
            -----------------------------------------------------

            * * * * * * *   D A T A   M E M O R Y   * * * * * * *
            REG     0000H     0008H     ABSOLUTE     "REG BANK 0"
                    0008H     0018H                  *** GAP ***
            BIT     0020H.0   0000H.1   UNIT         ?BI?MAIN
                    0020H.1   0000H.7                *** GAP ***
            IDATA   0021H     0001H     UNIT         ?STACK

            * * * * * * *   C O D E   M E M O R Y   * * * * * * *
            CODE    0000H     0003H     ABSOLUTE     
            CODE    0003H     0048H     UNIT         ?PR?MAIN?MAIN
            CODE    004BH     0024H     UNIT         ?PR?_DAC_PCF8591?MAIN
            CODE    006FH     0021H     UNIT         ?PR?_IIC_SENDBYTE?MAIN
            CODE    0090H     001FH     UNIT         ?PR?IIC_RECEIVEBYTE?MAIN
            CODE    00AFH     000FH     UNIT         ?PR?IIC_STOP?MAIN
            CODE    00BEH     000FH     UNIT         ?PR?CHECK_ACK?MAIN
            CODE    00CDH     000CH     UNIT         ?C_C51STARTUP
            CODE    00D9H     000BH     UNIT         ?PR?IIC_START?MAIN
            CODE    00E4H     0009H     UNIT         ?PR?DELAY4US?MAIN



OVERLAY MAP OF MODULE:   .\Objects\test (?C_STARTUP)


SEGMENT
  +--> CALLED SEGMENT
---------------------
?C_C51STARTUP
  +--> ?PR?MAIN?MAIN

?PR?MAIN?MAIN
  +--> ?PR?_DAC_PCF8591?MAIN

?PR?_DAC_PCF8591?MAIN
  +--> ?PR?IIC_START?MAIN
  +--> ?PR?CHECK_ACK?MAIN
  +--> ?PR?_IIC_SENDBYTE?MAIN
  +--> ?PR?IIC_STOP?MAIN

BL51 BANKED LINKER/LOCATER V6.22.2.0                                                  11/26/2020  23:45:08  PAGE 2


?PR?IIC_START?MAIN
  +--> ?PR?DELAY4US?MAIN

?PR?CHECK_ACK?MAIN
  +--> ?PR?_IIC_SENDBYTE?MAIN
  +--> ?PR?DELAY4US?MAIN

?PR?_IIC_SENDBYTE?MAIN
  +--> ?PR?DELAY4US?MAIN

?PR?IIC_STOP?MAIN
  +--> ?PR?DELAY4US?MAIN



SYMBOL TABLE OF MODULE:  .\Objects\test (?C_STARTUP)

  VALUE           TYPE          NAME
  ----------------------------------

  -------         MODULE        ?C_STARTUP
  C:00CDH         SEGMENT       ?C_C51STARTUP
  I:0021H         SEGMENT       ?STACK
  C:0000H         PUBLIC        ?C_STARTUP
  D:00E0H         SYMBOL        ACC
  D:00F0H         SYMBOL        B
  D:0083H         SYMBOL        DPH
  D:0082H         SYMBOL        DPL
  N:0000H         SYMBOL        IBPSTACK
  N:0100H         SYMBOL        IBPSTACKTOP
  N:0080H         SYMBOL        IDATALEN
  C:00D0H         SYMBOL        IDATALOOP
  N:0000H         SYMBOL        PBPSTACK
  N:0100H         SYMBOL        PBPSTACKTOP
  N:0000H         SYMBOL        PDATALEN
  N:0000H         SYMBOL        PDATASTART
  N:0000H         SYMBOL        PPAGE
  N:0000H         SYMBOL        PPAGEENABLE
  D:00A0H         SYMBOL        PPAGE_SFR
  D:0081H         SYMBOL        SP
  C:00CDH         SYMBOL        STARTUP1
  N:0000H         SYMBOL        XBPSTACK
  N:0000H         SYMBOL        XBPSTACKTOP
  N:0000H         SYMBOL        XDATALEN
  N:0000H         SYMBOL        XDATASTART
  C:0000H         LINE#         126
  C:00CDH         LINE#         133
  C:00CFH         LINE#         134
  C:00D0H         LINE#         135
  C:00D1H         LINE#         136
  C:00D3H         LINE#         185
  C:00D6H         LINE#         196
  -------         ENDMOD        ?C_STARTUP

  -------         MODULE        MAIN
  C:0000H         SYMBOL        _ICE_DUMMY_
  D:0090H         PUBLIC        P1
BL51 BANKED LINKER/LOCATER V6.22.2.0                                                  11/26/2020  23:45:08  PAGE 3


  D:00B0H         PUBLIC        P3
  D:00A8H         PUBLIC        IE
  C:00E8H         PUBLIC        Delay4us
  C:0090H         PUBLIC        IIC_ReceiveByte
  D:00B8H         PUBLIC        IP
  C:0003H         PUBLIC        main
  C:00C1H         PUBLIC        check_ACK
  D:0098H         PUBLIC        SCON
  D:0088H         PUBLIC        TCON
  B:0020H.0       PUBLIC        IIC_ERROR
  C:00D9H         PUBLIC        IIC_Start
  B:0090H.6       PUBLIC        SDA
  C:006FH         PUBLIC        _IIC_SendByte
  C:004BH         PUBLIC        _DAC_PCF8591
  C:00AFH         PUBLIC        IIC_Stop
  B:0090H.7       PUBLIC        SCL
  D:00C8H         PUBLIC        T2CON
  D:00D0H         PUBLIC        PSW
  C:00E4H         SYMBOL        L?0036
  -------         PROC          L?0035
  -------         ENDPROC       L?0035
  C:00E4H         SYMBOL        L?0036
  -------         PROC          DELAY4US
  C:00E8H         LINE#         7
  C:00E8H         LINE#         8
  C:00E8H         LINE#         9
  C:00E9H         LINE#         10
  C:00EAH         LINE#         11
  C:00EBH         LINE#         12
  C:00ECH         LINE#         13
  -------         ENDPROC       DELAY4US
  -------         PROC          IIC_START
  C:00D9H         LINE#         17
  C:00D9H         LINE#         18
  C:00D9H         LINE#         19
  C:00D9H         LINE#         20
  C:00D9H         LINE#         21
  C:00DCH         LINE#         22
  C:00DEH         LINE#         23
  C:00E1H         LINE#         24
  C:00E3H         LINE#         25
  -------         ENDPROC       IIC_START
  -------         PROC          IIC_STOP
  C:00AFH         LINE#         29
  C:00AFH         LINE#         30
  C:00AFH         LINE#         31
  C:00B1H         LINE#         32
  C:00B3H         LINE#         33
  C:00B6H         LINE#         34
  C:00B8H         LINE#         35
  C:00BBH         LINE#         36
  C:00BDH         LINE#         37
  -------         ENDPROC       IIC_STOP
  -------         PROC          _IIC_SENDBYTE
  D:0007H         SYMBOL        sendData
  -------         DO            
  D:0006H         SYMBOL        i
BL51 BANKED LINKER/LOCATER V6.22.2.0                                                  11/26/2020  23:45:08  PAGE 4


  -------         ENDDO         
  C:006FH         LINE#         41
  C:006FH         LINE#         42
  C:006FH         LINE#         43
  C:006FH         LINE#         44
  C:007BH         LINE#         45
  C:007BH         LINE#         46
  C:007FH         LINE#         49
  C:0081H         LINE#         50
  C:0084H         LINE#         51
  C:0086H         LINE#         52
  C:008AH         LINE#         53
  C:008DH         LINE#         54
  -------         ENDPROC       _IIC_SENDBYTE
  -------         PROC          L?0037
  -------         ENDPROC       L?0037
  -------         PROC          CHECK_ACK
  C:00C1H         LINE#         59
  C:00C1H         LINE#         60
  C:00C1H         LINE#         61
  C:00C1H         LINE#         62
  C:00C1H         LINE#         63
  C:00C4H         LINE#         64
  C:00C8H         LINE#         65
  C:00CAH         LINE#         66
  -------         ENDPROC       CHECK_ACK
  -------         PROC          IIC_RECEIVEBYTE
  -------         DO            
  D:0006H         SYMBOL        i
  D:0007H         SYMBOL        receiveData
  -------         ENDDO         
  C:0090H         LINE#         71
  C:0090H         LINE#         72
  C:0090H         LINE#         73
  C:0092H         LINE#         75
  C:0098H         LINE#         76
  C:0098H         LINE#         77
  C:0098H         LINE#         78
  C:0098H         LINE#         79
  C:009BH         LINE#         80
  C:009EH         LINE#         81
  C:009EH         LINE#         82
  C:00A1H         LINE#         84
  C:00A3H         LINE#         86
  C:00A3H         LINE#         87
  C:00A6H         LINE#         88
  C:00A6H         LINE#         89
  C:00A8H         LINE#         90
  C:00ACH         LINE#         91
  C:00AEH         LINE#         92
  C:00AEH         LINE#         93
  -------         ENDPROC       IIC_RECEIVEBYTE
  -------         PROC          _DAC_PCF8591
  D:0004H         SYMBOL        controlByte
  D:0005H         SYMBOL        writeData
  C:004BH         LINE#         96
  C:004DH         LINE#         97
BL51 BANKED LINKER/LOCATER V6.22.2.0                                                  11/26/2020  23:45:08  PAGE 5


  C:004DH         LINE#         98
  C:0050H         LINE#         99
  C:0052H         LINE#         100
  C:0055H         LINE#         101
  C:0058H         LINE#         103
  C:005AH         LINE#         104
  C:005DH         LINE#         105
  C:0060H         LINE#         107
  C:0065H         LINE#         108
  C:0068H         LINE#         109
  C:006BH         LINE#         111
  C:006EH         LINE#         112
  -------         ENDPROC       _DAC_PCF8591
  -------         PROC          MAIN
  -------         DO            
  D:0001H         SYMBOL        i
  D:0002H         SYMBOL        j
  -------         ENDDO         
  C:0003H         LINE#         116
  C:0003H         LINE#         117
  C:0003H         LINE#         120
  C:0003H         LINE#         121
  C:0003H         LINE#         122
  C:000FH         LINE#         123
  C:000FH         LINE#         124
  C:0016H         LINE#         125
  C:0024H         LINE#         126
  C:0027H         LINE#         127
  C:0033H         LINE#         128
  C:0033H         LINE#         129
  C:003AH         LINE#         130
  C:0048H         LINE#         131
  -------         ENDPROC       MAIN
  -------         ENDMOD        MAIN

*** WARNING L16: UNCALLED SEGMENT, IGNORED FOR OVERLAY PROCESS
    SEGMENT: ?PR?IIC_RECEIVEBYTE?MAIN

Program Size: data=9.1 xdata=0 code=237
LINK/LOCATE RUN COMPLETE.  1 WARNING(S),  0 ERROR(S)
