BL51 BANKED LINKER/LOCATER V6.22.2.0                                                    01/04/2021  16:28:03  PAGE 1


BL51 BANKED LINKER/LOCATER V6.22.2.0, INVOKED BY:
C:\PROGRAM FILES (X86)\KEIL_V5\C51\BIN\BL51.EXE .\Objects\STARTUP.obj, .\Objects\main.obj TO .\Objects\test PRINT (.\Lis
>> tings\test.m51) RAMSIZE (256)


MEMORY MODEL: SMALL


INPUT MODULES INCLUDED:
  .\Objects\STARTUP.obj (?C_STARTUP)
  .\Objects\main.obj (MAIN)
  C:\PROGRAM FILES (X86)\KEIL_V5\C51\LIB\C51S.LIB (?C_INIT)


LINK MAP OF MODULE:  .\Objects\test (?C_STARTUP)


            TYPE    BASE      LENGTH    RELOCATION   SEGMENT NAME
            -----------------------------------------------------

            * * * * * * *   D A T A   M E M O R Y   * * * * * * *
            REG     0000H     0008H     ABSOLUTE     "REG BANK 0"
            DATA    0008H     0007H     UNIT         ?DT?MAIN
            IDATA   000FH     0001H     UNIT         ?STACK

            * * * * * * *   C O D E   M E M O R Y   * * * * * * *
            CODE    0000H     0003H     ABSOLUTE     
            CODE    0003H     0019H     UNIT         ?PR?MAIN?MAIN
                    001CH     0007H                  *** GAP ***
            CODE    0023H     0003H     ABSOLUTE     
            CODE    0026H     008CH     UNIT         ?C_C51STARTUP
            CODE    00B2H     0037H     UNIT         ?PR?DISP?MAIN
            CODE    00E9H     0027H     UNIT         ?PR?SERIAL_RECEIVE?MAIN
            CODE    0110H     000CH     UNIT         ?C_INITSEG
            CODE    011CH     000AH     UNIT         ?CO?MAIN



OVERLAY MAP OF MODULE:   .\Objects\test (?C_STARTUP)


SEGMENT
  +--> CALLED SEGMENT
---------------------
?C_C51STARTUP
  +--> ?PR?MAIN?MAIN
  +--> ?C_INITSEG

?PR?MAIN?MAIN
  +--> ?PR?DISP?MAIN

?PR?DISP?MAIN
  +--> ?CO?MAIN



SYMBOL TABLE OF MODULE:  .\Objects\test (?C_STARTUP)

BL51 BANKED LINKER/LOCATER V6.22.2.0                                                  01/04/2021  16:28:03  PAGE 2


  VALUE           TYPE          NAME
  ----------------------------------

  -------         MODULE        ?C_STARTUP
  C:0026H         SEGMENT       ?C_C51STARTUP
  I:000FH         SEGMENT       ?STACK
  C:0000H         PUBLIC        ?C_STARTUP
  D:00E0H         SYMBOL        ACC
  D:00F0H         SYMBOL        B
  D:0083H         SYMBOL        DPH
  D:0082H         SYMBOL        DPL
  N:0000H         SYMBOL        IBPSTACK
  N:0100H         SYMBOL        IBPSTACKTOP
  N:0080H         SYMBOL        IDATALEN
  C:0029H         SYMBOL        IDATALOOP
  N:0000H         SYMBOL        PBPSTACK
  N:0100H         SYMBOL        PBPSTACKTOP
  N:0000H         SYMBOL        PDATALEN
  N:0000H         SYMBOL        PDATASTART
  N:0000H         SYMBOL        PPAGE
  N:0000H         SYMBOL        PPAGEENABLE
  D:00A0H         SYMBOL        PPAGE_SFR
  D:0081H         SYMBOL        SP
  C:0026H         SYMBOL        STARTUP1
  N:0000H         SYMBOL        XBPSTACK
  N:0000H         SYMBOL        XBPSTACKTOP
  N:0000H         SYMBOL        XDATALEN
  N:0000H         SYMBOL        XDATASTART
  C:0000H         LINE#         126
  C:0026H         LINE#         133
  C:0028H         LINE#         134
  C:0029H         LINE#         135
  C:002AH         LINE#         136
  C:002CH         LINE#         185
  C:002FH         LINE#         196
  -------         ENDMOD        ?C_STARTUP

  -------         MODULE        MAIN
  C:0000H         SYMBOL        _ICE_DUMMY_
  D:0090H         PUBLIC        P1
  D:00A0H         PUBLIC        P2
  B:00A8H.7       PUBLIC        EA
  B:00A8H.4       PUBLIC        ES
  B:0098H.0       PUBLIC        RI
  C:0003H         PUBLIC        main
  D:0099H         PUBLIC        SBUF
  C:00B2H         PUBLIC        disp
  D:0098H         PUBLIC        SCON
  D:0089H         PUBLIC        TMOD
  C:00E9H         PUBLIC        serial_receive
  D:008DH         PUBLIC        TH1
  D:008BH         PUBLIC        TL1
  B:0088H.6       PUBLIC        TR1
  B:0098H.4       PUBLIC        REN
  D:0009H         PUBLIC        receive
  -------         PROC          MAIN
  C:0003H         LINE#         6
BL51 BANKED LINKER/LOCATER V6.22.2.0                                                  01/04/2021  16:28:03  PAGE 3


  C:0003H         LINE#         7
  C:0003H         LINE#         9
  C:0006H         LINE#         10
  C:0009H         LINE#         11
  C:000CH         LINE#         12
  C:000EH         LINE#         13
  C:0011H         LINE#         15
  C:0013H         LINE#         16
  C:0015H         LINE#         17
  C:0017H         LINE#         18
  C:0017H         LINE#         19
  C:0017H         LINE#         20
  C:001AH         LINE#         21
  -------         ENDPROC       MAIN
  -------         PROC          DISP
  -------         DO            
  D:0006H         SYMBOL        i
  D:0005H         SYMBOL        j
  D:0007H         SYMBOL        temp
  C:011CH         SYMBOL        led
  -------         ENDDO         
  C:00B2H         LINE#         27
  C:00B2H         LINE#         28
  C:00B2H         LINE#         32
  C:00B4H         LINE#         35
  C:00C0H         LINE#         36
  C:00C0H         LINE#         37
  C:00C3H         LINE#         38
  C:00CEH         LINE#         39
  C:00D2H         LINE#         40
  C:00E1H         LINE#         42
  C:00E5H         LINE#         44
  C:00E8H         LINE#         45
  -------         ENDPROC       DISP
  -------         PROC          SERIAL_RECEIVE
  -------         DO            
  D:0008H         SYMBOL        i
  -------         ENDDO         
  C:00E9H         LINE#         47
  C:00F2H         LINE#         50
  C:00F4H         LINE#         51
  C:00F6H         LINE#         52
  C:00FDH         LINE#         53
  C:00FFH         LINE#         54
  C:0105H         LINE#         55
  C:0105H         LINE#         56
  C:0107H         LINE#         57
  C:0107H         LINE#         58
  C:0109H         LINE#         59
  -------         ENDPROC       SERIAL_RECEIVE
  -------         ENDMOD        MAIN

Program Size: data=16.0 xdata=0 code=287
LINK/LOCATE RUN COMPLETE.  0 WARNING(S),  0 ERROR(S)
