BL51 BANKED LINKER/LOCATER V6.22.2.0                                                    12/06/2020  09:57:25  PAGE 1


BL51 BANKED LINKER/LOCATER V6.22.2.0, INVOKED BY:
C:\PROGRAM FILES (X86)\KEIL_V5\C51\BIN\BL51.EXE .\Objects\STARTUP.obj, .\Objects\lcdtimermain.obj, .\Objects\lcd1602.obj
>>  TO .\Objects\test PRINT (.\Listings\test.m51) RAMSIZE (256)


MEMORY MODEL: SMALL


INPUT MODULES INCLUDED:
  .\Objects\STARTUP.obj (?C_STARTUP)
  .\Objects\lcdtimermain.obj (LCDTIMERMAIN)
  .\Objects\lcd1602.obj (LCD1602)
  C:\PROGRAM FILES (X86)\KEIL_V5\C51\LIB\C51S.LIB (?C_INIT)
  C:\PROGRAM FILES (X86)\KEIL_V5\C51\LIB\C51S.LIB (?C?COPY)


LINK MAP OF MODULE:  .\Objects\test (?C_STARTUP)


            TYPE    BASE      LENGTH    RELOCATION   SEGMENT NAME
            -----------------------------------------------------

            * * * * * * *   D A T A   M E M O R Y   * * * * * * *
            REG     0000H     0008H     ABSOLUTE     "REG BANK 0"
            DATA    0008H     0015H     UNIT         _DATA_GROUP_
            DATA    001DH     0004H     UNIT         ?DT?LCDTIMERMAIN
            IDATA   0021H     0001H     UNIT         ?STACK

            * * * * * * *   C O D E   M E M O R Y   * * * * * * *
            CODE    0000H     0003H     ABSOLUTE     
            CODE    0003H     0011H     UNIT         ?CO?LCDTIMERMAIN
            CODE    0014H     0004H     UNIT         ?PR?DELAY_3US?LCD1602
                    0018H     0003H                  *** GAP ***
            CODE    001BH     0003H     ABSOLUTE     
            CODE    001EH     0113H     UNIT         ?PR?MAIN?LCDTIMERMAIN
            CODE    0131H     00F6H     UNIT         ?C?LIB_CODE
            CODE    0227H     008CH     UNIT         ?C_C51STARTUP
            CODE    02B3H     0033H     UNIT         ?PR?TIMER_1?LCDTIMERMAIN
            CODE    02E6H     002FH     UNIT         ?PR?_LCD_W_CMD?LCD1602
            CODE    0315H     002FH     UNIT         ?PR?_LCD_W_DAT?LCD1602
            CODE    0344H     0022H     UNIT         ?PR?LCD_R_START?LCD1602
            CODE    0366H     0019H     UNIT         ?PR?LCD_INT?LCD1602
            CODE    037FH     000DH     UNIT         ?C_INITSEG
            CODE    038CH     000BH     UNIT         ?PR?_DELAY?LCD1602



OVERLAY MAP OF MODULE:   .\Objects\test (?C_STARTUP)


SEGMENT                            DATA_GROUP 
  +--> CALLED SEGMENT            START    LENGTH
------------------------------------------------
?C_C51STARTUP                    -----    -----
  +--> ?PR?MAIN?LCDTIMERMAIN
  +--> ?C_INITSEG

?PR?MAIN?LCDTIMERMAIN            0008H    0012H
BL51 BANKED LINKER/LOCATER V6.22.2.0                                                  12/06/2020  09:57:25  PAGE 2


  +--> ?CO?LCDTIMERMAIN
  +--> ?PR?LCD_INT?LCD1602
  +--> ?PR?_DELAY?LCD1602
  +--> ?PR?_LCD_W_CMD?LCD1602
  +--> ?PR?_LCD_W_DAT?LCD1602

?PR?LCD_INT?LCD1602              -----    -----
  +--> ?PR?_LCD_W_CMD?LCD1602

?PR?_LCD_W_CMD?LCD1602           001AH    0002H
  +--> ?PR?LCD_R_START?LCD1602
  +--> ?PR?_DELAY?LCD1602
  +--> ?PR?DELAY_3US?LCD1602

?PR?LCD_R_START?LCD1602          001CH    0001H
  +--> ?PR?DELAY_3US?LCD1602

?PR?_LCD_W_DAT?LCD1602           001AH    0002H
  +--> ?PR?LCD_R_START?LCD1602
  +--> ?PR?_DELAY?LCD1602
  +--> ?PR?DELAY_3US?LCD1602



SYMBOL TABLE OF MODULE:  .\Objects\test (?C_STARTUP)

  VALUE           TYPE          NAME
  ----------------------------------

  -------         MODULE        ?C_STARTUP
  C:0227H         SEGMENT       ?C_C51STARTUP
  I:0021H         SEGMENT       ?STACK
  C:0000H         PUBLIC        ?C_STARTUP
  D:00E0H         SYMBOL        ACC
  D:00F0H         SYMBOL        B
  D:0083H         SYMBOL        DPH
  D:0082H         SYMBOL        DPL
  N:0000H         SYMBOL        IBPSTACK
  N:0100H         SYMBOL        IBPSTACKTOP
  N:0080H         SYMBOL        IDATALEN
  C:022AH         SYMBOL        IDATALOOP
  N:0000H         SYMBOL        PBPSTACK
  N:0100H         SYMBOL        PBPSTACKTOP
  N:0000H         SYMBOL        PDATALEN
  N:0000H         SYMBOL        PDATASTART
  N:0000H         SYMBOL        PPAGE
  N:0000H         SYMBOL        PPAGEENABLE
  D:00A0H         SYMBOL        PPAGE_SFR
  D:0081H         SYMBOL        SP
  C:0227H         SYMBOL        STARTUP1
  N:0000H         SYMBOL        XBPSTACK
  N:0000H         SYMBOL        XBPSTACKTOP
  N:0000H         SYMBOL        XDATALEN
  N:0000H         SYMBOL        XDATASTART
  C:0000H         LINE#         126
  C:0227H         LINE#         133
  C:0229H         LINE#         134
BL51 BANKED LINKER/LOCATER V6.22.2.0                                                  12/06/2020  09:57:25  PAGE 3


  C:022AH         LINE#         135
  C:022BH         LINE#         136
  C:022DH         LINE#         185
  C:0230H         LINE#         196
  -------         ENDMOD        ?C_STARTUP

  -------         MODULE        LCDTIMERMAIN
  C:0000H         SYMBOL        _ICE_DUMMY_
  D:0090H         PUBLIC        P1
  B:00A8H.7       PUBLIC        EA
  C:001EH         PUBLIC        main
  D:001DH         PUBLIC        miao
  D:001EH         PUBLIC        count
  C:02B3H         PUBLIC        timer_1
  D:0089H         PUBLIC        TMOD
  D:001FH         PUBLIC        fen
  C:0003H         SYMBOL        _?ix1000
  C:000EH         SYMBOL        _?ix1001
  D:0020H         PUBLIC        shi
  B:00A8H.3       PUBLIC        ET1
  D:008DH         PUBLIC        TH1
  D:008BH         PUBLIC        TL1
  B:0088H.6       PUBLIC        TR1
  -------         PROC          TIMER_1
  C:02B3H         LINE#         14
  C:02B5H         LINE#         16
  C:02B7H         LINE#         17
  C:02BAH         LINE#         18
  C:02BDH         LINE#         19
  C:02C3H         LINE#         20
  C:02C3H         LINE#         21
  C:02C5H         LINE#         22
  C:02C7H         LINE#         23
  C:02CDH         LINE#         24
  C:02CDH         LINE#         25
  C:02CFH         LINE#         26
  C:02D1H         LINE#         27
  C:02D7H         LINE#         28
  C:02D7H         LINE#         29
  C:02D9H         LINE#         30
  C:02DBH         LINE#         31
  C:02E1H         LINE#         32
  C:02E3H         LINE#         33
  C:02E3H         LINE#         34
  C:02E3H         LINE#         35
  C:02E3H         LINE#         36
  -------         ENDPROC       TIMER_1
  -------         PROC          MAIN
  -------         DO            
  D:0008H         SYMBOL        time
  D:0013H         SYMBOL        title
  D:0019H         SYMBOL        i
  -------         ENDDO         
  C:001EH         LINE#         38
  C:001EH         LINE#         39
  C:001EH         LINE#         40
  C:0031H         LINE#         41
BL51 BANKED LINKER/LOCATER V6.22.2.0                                                  12/06/2020  09:57:25  PAGE 4


  C:0044H         LINE#         43
  C:0047H         LINE#         44
  C:004AH         LINE#         45
  C:0051H         LINE#         46
  C:0054H         LINE#         47
  C:0057H         LINE#         48
  C:005AH         LINE#         49
  C:005CH         LINE#         50
  C:005EH         LINE#         51
  C:0060H         LINE#         52
  C:0065H         LINE#         53
  C:006CH         LINE#         54
  C:0078H         LINE#         55
  C:0078H         LINE#         56
  C:007BH         LINE#         57
  C:0082H         LINE#         58
  C:0086H         LINE#         59
  C:0086H         LINE#         60
  C:0086H         LINE#         61
  C:008BH         LINE#         62
  C:0092H         LINE#         63
  C:00A0H         LINE#         64
  C:00A7H         LINE#         65
  C:00B7H         LINE#         66
  C:00BEH         LINE#         67
  C:00C3H         LINE#         68
  C:00CAH         LINE#         69
  C:00D8H         LINE#         70
  C:00DFH         LINE#         71
  C:00EFH         LINE#         72
  C:00F6H         LINE#         73
  C:00FBH         LINE#         74
  C:0102H         LINE#         75
  C:0110H         LINE#         76
  C:0117H         LINE#         77
  C:0127H         LINE#         78
  C:012EH         LINE#         79
  -------         ENDPROC       MAIN
  -------         ENDMOD        LCDTIMERMAIN

  -------         MODULE        LCD1602
  C:0000H         SYMBOL        _ICE_DUMMY_
  D:0090H         PUBLIC        P1
  D:00B0H         PUBLIC        P3
  C:0014H         PUBLIC        delay_3us
  C:038CH         PUBLIC        _delay
  C:0344H         PUBLIC        lcd_r_start
  C:02E6H         PUBLIC        _lcd_w_cmd
  B:00B0H.0       PUBLIC        RS
  C:0315H         PUBLIC        _lcd_w_dat
  B:00B0H.1       PUBLIC        RW
  B:00B0H.2       PUBLIC        E
  C:0366H         PUBLIC        lcd_int
  -------         PROC          LCD_INT
  C:0366H         LINE#         14
  C:0366H         LINE#         15
  C:0366H         LINE#         16
BL51 BANKED LINKER/LOCATER V6.22.2.0                                                  12/06/2020  09:57:25  PAGE 5


  C:036BH         LINE#         17
  C:0370H         LINE#         18
  C:0375H         LINE#         19
  C:037AH         LINE#         20
  -------         ENDPROC       LCD_INT
  -------         PROC          LCD_R_START
  -------         DO            
  D:001CH         SYMBOL        s
  -------         ENDDO         
  C:0344H         LINE#         26
  C:0344H         LINE#         27
  C:0344H         LINE#         29
  C:0346H         LINE#         30
  C:0349H         LINE#         31
  C:034BH         LINE#         32
  C:034EH         LINE#         33
  C:0350H         LINE#         34
  C:0353H         LINE#         35
  C:0356H         LINE#         36
  C:0359H         LINE#         37
  C:035BH         LINE#         38
  C:035EH         LINE#         39
  C:0360H         LINE#         40
  C:0363H         LINE#         41
  C:0365H         LINE#         42
  -------         ENDPROC       LCD_R_START
  -------         PROC          _LCD_W_CMD
  D:001AH         SYMBOL        com
  -------         DO            
  D:001BH         SYMBOL        i
  -------         ENDDO         
  C:02E6H         LINE#         47
  C:02E8H         LINE#         48
  C:02E8H         LINE#         51
  C:02E8H         LINE#         52
  C:02EDH         LINE#         53
  C:02F0H         LINE#         54
  C:02F7H         LINE#         55
  C:02FBH         LINE#         56
  C:02FDH         LINE#         57
  C:0300H         LINE#         58
  C:0302H         LINE#         59
  C:0305H         LINE#         60
  C:0307H         LINE#         61
  C:030AH         LINE#         62
  C:030DH         LINE#         63
  C:0310H         LINE#         64
  C:0312H         LINE#         65
  -------         ENDPROC       _LCD_W_CMD
  -------         PROC          _LCD_W_DAT
  D:001AH         SYMBOL        dat
  -------         DO            
  D:001BH         SYMBOL        i
  -------         ENDDO         
  C:0315H         LINE#         71
  C:0317H         LINE#         72
  C:0317H         LINE#         75
BL51 BANKED LINKER/LOCATER V6.22.2.0                                                  12/06/2020  09:57:25  PAGE 6


  C:0317H         LINE#         76
  C:031CH         LINE#         77
  C:031FH         LINE#         78
  C:0326H         LINE#         79
  C:032AH         LINE#         80
  C:032CH         LINE#         81
  C:032FH         LINE#         82
  C:0331H         LINE#         83
  C:0334H         LINE#         84
  C:0336H         LINE#         85
  C:0339H         LINE#         86
  C:033CH         LINE#         87
  C:033FH         LINE#         88
  C:0341H         LINE#         89
  -------         ENDPROC       _LCD_W_DAT
  -------         PROC          DELAY_3US
  C:0014H         LINE#         95
  C:0014H         LINE#         96
  C:0014H         LINE#         97
  C:0015H         LINE#         98
  C:0016H         LINE#         99
  C:0017H         LINE#         100
  -------         ENDPROC       DELAY_3US
  -------         PROC          _DELAY
  D:0006H         SYMBOL        i
  C:038CH         LINE#         106
  C:038CH         LINE#         107
  C:038CH         LINE#         108
  C:0396H         LINE#         110
  -------         ENDPROC       _DELAY
  -------         ENDMOD        LCD1602

  -------         MODULE        ?C?COPY
  C:0201H         PUBLIC        ?C?COPY
  -------         ENDMOD        ?C?COPY

Program Size: data=34.0 xdata=0 code=916
LINK/LOCATE RUN COMPLETE.  0 WARNING(S),  0 ERROR(S)
