BL51 BANKED LINKER/LOCATER V6.22.2.0                                                    11/27/2020  14:05:49  PAGE 1


BL51 BANKED LINKER/LOCATER V6.22.2.0, INVOKED BY:
C:\PROGRAM FILES (X86)\KEIL_V5\C51\BIN\BL51.EXE .\Objects\STARTUP.obj, .\Objects\main.obj TO .\Objects\test PRINT (.\Lis
>> tings\test.m51) RAMSIZE (256)


MEMORY MODEL: SMALL


INPUT MODULES INCLUDED:
  .\Objects\STARTUP.obj (?C_STARTUP)
  .\Objects\main.obj (MAIN)


LINK MAP OF MODULE:  .\Objects\test (?C_STARTUP)


            TYPE    BASE      LENGTH    RELOCATION   SEGMENT NAME
            -----------------------------------------------------

            * * * * * * *   D A T A   M E M O R Y   * * * * * * *
            REG     0000H     0008H     ABSOLUTE     "REG BANK 0"
            IDATA   0008H     0001H     UNIT         _IDATA_GROUP_
                    0009H     0017H                  *** GAP ***
            BIT     0020H.0   0000H.1   UNIT         ?BI?MAIN
                    0020H.1   0000H.7                *** GAP ***
            IDATA   0021H     0001H     UNIT         ?STACK

            * * * * * * *   C O D E   M E M O R Y   * * * * * * *
            CODE    0000H     0003H     ABSOLUTE     
            CODE    0003H     003DH     UNIT         ?PR?_ADC_PCF8591?MAIN
            CODE    0040H     0022H     UNIT         ?PR?_DAC_PCF8591?MAIN
            CODE    0062H     0021H     UNIT         ?PR?_IIC_SENDBYTE?MAIN
            CODE    0083H     001FH     UNIT         ?PR?IIC_RECEIVEBYTE?MAIN
            CODE    00A2H     001CH     UNIT         ?PR?MAIN?MAIN
            CODE    00BEH     0014H     UNIT         ?PR?CHECK_ACK?MAIN
            CODE    00D2H     000FH     UNIT         ?PR?IIC_STOP?MAIN
            CODE    00E1H     000CH     UNIT         ?C_C51STARTUP
            CODE    00EDH     000CH     UNIT         ?PR?SEND_ACK?MAIN
            CODE    00F9H     000BH     UNIT         ?PR?IIC_START?MAIN
            CODE    0104H     0009H     UNIT         ?PR?DELAY4US?MAIN
            CODE    010DH     0008H     UNIT         ?PR?SEND_NOACK?MAIN



OVERLAY MAP OF MODULE:   .\Objects\test (?C_STARTUP)


SEGMENT                            IDATA_GROUP
  +--> CALLED SEGMENT            START    LENGTH
------------------------------------------------
?C_C51STARTUP                    -----    -----
  +--> ?PR?MAIN?MAIN

?PR?MAIN?MAIN                    -----    -----
  +--> ?PR?_ADC_PCF8591?MAIN
  +--> ?PR?_DAC_PCF8591?MAIN

?PR?_ADC_PCF8591?MAIN            0008H    0001H
BL51 BANKED LINKER/LOCATER V6.22.2.0                                                  11/27/2020  14:05:49  PAGE 2


  +--> ?PR?CHECK_ACK?MAIN
  +--> ?PR?_IIC_SENDBYTE?MAIN
  +--> ?PR?IIC_START?MAIN
  +--> ?PR?IIC_RECEIVEBYTE?MAIN
  +--> ?PR?SEND_ACK?MAIN
  +--> ?PR?SEND_NOACK?MAIN
  +--> ?PR?IIC_STOP?MAIN

?PR?CHECK_ACK?MAIN               -----    -----
  +--> ?PR?IIC_START?MAIN
  +--> ?PR?_IIC_SENDBYTE?MAIN
  +--> ?PR?DELAY4US?MAIN

?PR?IIC_START?MAIN               -----    -----
  +--> ?PR?DELAY4US?MAIN

?PR?_IIC_SENDBYTE?MAIN           -----    -----
  +--> ?PR?DELAY4US?MAIN

?PR?IIC_RECEIVEBYTE?MAIN         -----    -----
  +--> ?PR?DELAY4US?MAIN

?PR?SEND_ACK?MAIN                -----    -----
  +--> ?PR?DELAY4US?MAIN

?PR?SEND_NOACK?MAIN              -----    -----
  +--> ?PR?DELAY4US?MAIN

?PR?IIC_STOP?MAIN                -----    -----
  +--> ?PR?DELAY4US?MAIN

?PR?_DAC_PCF8591?MAIN            -----    -----
  +--> ?PR?CHECK_ACK?MAIN
  +--> ?PR?_IIC_SENDBYTE?MAIN
  +--> ?PR?IIC_STOP?MAIN



SYMBOL TABLE OF MODULE:  .\Objects\test (?C_STARTUP)

  VALUE           TYPE          NAME
  ----------------------------------

  -------         MODULE        ?C_STARTUP
  C:00E1H         SEGMENT       ?C_C51STARTUP
  I:0021H         SEGMENT       ?STACK
  C:0000H         PUBLIC        ?C_STARTUP
  D:00E0H         SYMBOL        ACC
  D:00F0H         SYMBOL        B
  D:0083H         SYMBOL        DPH
  D:0082H         SYMBOL        DPL
  N:0000H         SYMBOL        IBPSTACK
  N:0100H         SYMBOL        IBPSTACKTOP
  N:0080H         SYMBOL        IDATALEN
  C:00E4H         SYMBOL        IDATALOOP
  N:0000H         SYMBOL        PBPSTACK
  N:0100H         SYMBOL        PBPSTACKTOP
BL51 BANKED LINKER/LOCATER V6.22.2.0                                                  11/27/2020  14:05:49  PAGE 3


  N:0000H         SYMBOL        PDATALEN
  N:0000H         SYMBOL        PDATASTART
  N:0000H         SYMBOL        PPAGE
  N:0000H         SYMBOL        PPAGEENABLE
  D:00A0H         SYMBOL        PPAGE_SFR
  D:0081H         SYMBOL        SP
  C:00E1H         SYMBOL        STARTUP1
  N:0000H         SYMBOL        XBPSTACK
  N:0000H         SYMBOL        XBPSTACKTOP
  N:0000H         SYMBOL        XDATALEN
  N:0000H         SYMBOL        XDATASTART
  C:0000H         LINE#         126
  C:00E1H         LINE#         133
  C:00E3H         LINE#         134
  C:00E4H         LINE#         135
  C:00E5H         LINE#         136
  C:00E7H         LINE#         185
  C:00EAH         LINE#         196
  -------         ENDMOD        ?C_STARTUP

  -------         MODULE        MAIN
  C:0000H         SYMBOL        _ICE_DUMMY_
  D:0090H         PUBLIC        P1
  D:00B0H         PUBLIC        P3
  D:00A8H         PUBLIC        IE
  C:0108H         PUBLIC        Delay4us
  C:0083H         PUBLIC        IIC_ReceiveByte
  D:00B8H         PUBLIC        IP
  C:010DH         PUBLIC        send_NoACK
  C:00A2H         PUBLIC        main
  C:00C6H         PUBLIC        check_ACK
  D:0098H         PUBLIC        SCON
  D:0088H         PUBLIC        TCON
  B:0020H.0       PUBLIC        IIC_ERROR
  C:00F9H         PUBLIC        IIC_Start
  B:0090H.6       PUBLIC        SDA
  C:0062H         PUBLIC        _IIC_SendByte
  C:0040H         PUBLIC        _DAC_PCF8591
  C:0003H         PUBLIC        _ADC_PCF8591
  C:00EDH         PUBLIC        send_ACK
  C:00D2H         PUBLIC        IIC_Stop
  B:0090H.7       PUBLIC        SCL
  D:00C8H         PUBLIC        T2CON
  D:00D0H         PUBLIC        PSW
  C:0104H         SYMBOL        L?0033
  -------         PROC          L?0032
  -------         ENDPROC       L?0032
  C:0104H         SYMBOL        L?0033
  -------         PROC          DELAY4US
  C:0108H         LINE#         8
  C:0108H         LINE#         9
  C:0108H         LINE#         10
  C:0109H         LINE#         11
  C:010AH         LINE#         12
  C:010BH         LINE#         13
  C:010CH         LINE#         14
  -------         ENDPROC       DELAY4US
BL51 BANKED LINKER/LOCATER V6.22.2.0                                                  11/27/2020  14:05:49  PAGE 4


  -------         PROC          IIC_START
  C:00F9H         LINE#         18
  C:00F9H         LINE#         19
  C:00F9H         LINE#         20
  C:00F9H         LINE#         21
  C:00F9H         LINE#         22
  C:00FCH         LINE#         23
  C:00FEH         LINE#         24
  C:0101H         LINE#         25
  C:0103H         LINE#         26
  -------         ENDPROC       IIC_START
  -------         PROC          IIC_STOP
  C:00D2H         LINE#         30
  C:00D2H         LINE#         31
  C:00D2H         LINE#         32
  C:00D4H         LINE#         33
  C:00D6H         LINE#         34
  C:00D9H         LINE#         35
  C:00DBH         LINE#         36
  C:00DEH         LINE#         37
  C:00E0H         LINE#         38
  -------         ENDPROC       IIC_STOP
  -------         PROC          _IIC_SENDBYTE
  D:0007H         SYMBOL        sendData
  -------         DO            
  D:0006H         SYMBOL        i
  -------         ENDDO         
  C:0062H         LINE#         42
  C:0062H         LINE#         43
  C:0062H         LINE#         44
  C:0062H         LINE#         45
  C:006EH         LINE#         46
  C:006EH         LINE#         47
  C:0072H         LINE#         50
  C:0074H         LINE#         51
  C:0077H         LINE#         52
  C:0079H         LINE#         53
  C:007DH         LINE#         54
  C:0080H         LINE#         55
  -------         ENDPROC       _IIC_SENDBYTE
  -------         PROC          L?0031
  -------         ENDPROC       L?0031
  -------         PROC          CHECK_ACK
  C:00C6H         LINE#         60
  C:00C6H         LINE#         61
  C:00C6H         LINE#         62
  C:00C6H         LINE#         63
  C:00C6H         LINE#         64
  C:00C9H         LINE#         65
  C:00CDH         LINE#         66
  C:00CFH         LINE#         67
  -------         ENDPROC       CHECK_ACK
  -------         PROC          IIC_RECEIVEBYTE
  -------         DO            
  D:0006H         SYMBOL        i
  D:0007H         SYMBOL        receiveData
  -------         ENDDO         
BL51 BANKED LINKER/LOCATER V6.22.2.0                                                  11/27/2020  14:05:49  PAGE 5


  C:0083H         LINE#         72
  C:0083H         LINE#         73
  C:0083H         LINE#         74
  C:0085H         LINE#         76
  C:008BH         LINE#         77
  C:008BH         LINE#         78
  C:008BH         LINE#         79
  C:008BH         LINE#         80
  C:008EH         LINE#         81
  C:0091H         LINE#         82
  C:0091H         LINE#         83
  C:0094H         LINE#         85
  C:0096H         LINE#         87
  C:0096H         LINE#         88
  C:0099H         LINE#         89
  C:0099H         LINE#         90
  C:009BH         LINE#         91
  C:009FH         LINE#         92
  C:00A1H         LINE#         93
  C:00A1H         LINE#         94
  -------         ENDPROC       IIC_RECEIVEBYTE
  -------         PROC          SEND_ACK
  C:00EDH         LINE#         98
  C:00EDH         LINE#         99
  C:00EDH         LINE#         100
  C:00EFH         LINE#         101
  C:00F1H         LINE#         102
  C:00F4H         LINE#         103
  C:00F6H         LINE#         104
  C:00F8H         LINE#         105
  -------         ENDPROC       SEND_ACK
  -------         PROC          SEND_NOACK
  C:010DH         LINE#         109
  C:010DH         LINE#         110
  C:010DH         LINE#         111
  C:010DH         LINE#         112
  C:010DH         LINE#         113
  C:0110H         LINE#         114
  C:0112H         LINE#         115
  C:0114H         LINE#         116
  -------         ENDPROC       SEND_NOACK
  -------         PROC          _ADC_PCF8591
  D:0005H         SYMBOL        controlByte
  -------         DO            
  I:0008H         SYMBOL        receiveFromPCF
  -------         ENDDO         
  C:0003H         LINE#         119
  C:0005H         LINE#         120
  C:0005H         LINE#         122
  C:0005H         LINE#         123
  C:0005H         LINE#         124
  C:0008H         LINE#         125
  C:000BH         LINE#         126
  C:000EH         LINE#         127
  C:0013H         LINE#         128
  C:0016H         LINE#         129
  C:0019H         LINE#         130
BL51 BANKED LINKER/LOCATER V6.22.2.0                                                  11/27/2020  14:05:49  PAGE 6


  C:001CH         LINE#         131
  C:001FH         LINE#         132
  C:0024H         LINE#         133
  C:0027H         LINE#         134
  C:002AH         LINE#         135
  C:002DH         LINE#         136
  C:0034H         LINE#         137
  C:0037H         LINE#         138
  C:003AH         LINE#         139
  C:003DH         LINE#         140
  C:003FH         LINE#         141
  -------         ENDPROC       _ADC_PCF8591
  -------         PROC          _DAC_PCF8591
  D:0004H         SYMBOL        controlByte
  D:0005H         SYMBOL        writeData
  C:0040H         LINE#         144
  C:0042H         LINE#         145
  C:0042H         LINE#         146
  C:0042H         LINE#         147
  C:0042H         LINE#         148
  C:0045H         LINE#         149
  C:0048H         LINE#         151
  C:004DH         LINE#         152
  C:0050H         LINE#         153
  C:0053H         LINE#         155
  C:0058H         LINE#         156
  C:005BH         LINE#         157
  C:005EH         LINE#         159
  C:0061H         LINE#         160
  -------         ENDPROC       _DAC_PCF8591
  -------         PROC          MAIN
  -------         DO            
  D:0006H         SYMBOL        i
  -------         ENDDO         
  C:00A2H         LINE#         164
  C:00A2H         LINE#         165
  C:00A2H         LINE#         167
  C:00A2H         LINE#         168
  C:00A2H         LINE#         169
  C:00AEH         LINE#         170
  -------         ENDPROC       MAIN
  -------         ENDMOD        MAIN

Program Size: data=10.1 xdata=0 code=277
LINK/LOCATE RUN COMPLETE.  0 WARNING(S),  0 ERROR(S)
