BL51 BANKED LINKER/LOCATER V6.22.2.0                                                    11/18/2020  11:13:27  PAGE 1


BL51 BANKED LINKER/LOCATER V6.22.2.0, INVOKED BY:
C:\PROGRAM FILES (X86)\KEIL_V5\C51\BIN\BL51.EXE .\Objects\STARTUP.obj, .\Objects\main.obj TO .\Objects\test PRINT (.\Lis
>> tings\test.m51) RAMSIZE (256)


MEMORY MODEL: SMALL


INPUT MODULES INCLUDED:
  .\Objects\STARTUP.obj (?C_STARTUP)
  .\Objects\main.obj (MAIN)
  C:\PROGRAM FILES (X86)\KEIL_V5\C51\LIB\C51S.LIB (?C_INIT)


LINK MAP OF MODULE:  .\Objects\test (?C_STARTUP)


            TYPE    BASE      LENGTH    RELOCATION   SEGMENT NAME
            -----------------------------------------------------

            * * * * * * *   D A T A   M E M O R Y   * * * * * * *
            REG     0000H     0008H     ABSOLUTE     "REG BANK 0"
            DATA    0008H     0004H     UNIT         ?DT?MAIN
            IDATA   000CH     0001H     UNIT         ?STACK

            * * * * * * *   C O D E   M E M O R Y   * * * * * * *
            CODE    0000H     0003H     ABSOLUTE     
            CODE    0003H     0014H     UNIT         ?PR?MAIN?MAIN
                    0017H     0004H                  *** GAP ***
            CODE    001BH     0003H     ABSOLUTE     
            CODE    001EH     00CDH     UNIT         ?PR?DISP?MAIN
            CODE    00EBH     008CH     UNIT         ?C_C51STARTUP
            CODE    0177H     0033H     UNIT         ?PR?TIMER_1?MAIN
            CODE    01AAH     000DH     UNIT         ?C_INITSEG
            CODE    01B7H     000AH     UNIT         ?CO?MAIN



OVERLAY MAP OF MODULE:   .\Objects\test (?C_STARTUP)


SEGMENT
  +--> CALLED SEGMENT
---------------------
?C_C51STARTUP
  +--> ?PR?MAIN?MAIN
  +--> ?C_INITSEG

?PR?MAIN?MAIN
  +--> ?PR?DISP?MAIN

?PR?DISP?MAIN
  +--> ?CO?MAIN



SYMBOL TABLE OF MODULE:  .\Objects\test (?C_STARTUP)

BL51 BANKED LINKER/LOCATER V6.22.2.0                                                  11/18/2020  11:13:27  PAGE 2


  VALUE           TYPE          NAME
  ----------------------------------

  -------         MODULE        ?C_STARTUP
  C:00EBH         SEGMENT       ?C_C51STARTUP
  I:000CH         SEGMENT       ?STACK
  C:0000H         PUBLIC        ?C_STARTUP
  D:00E0H         SYMBOL        ACC
  D:00F0H         SYMBOL        B
  D:0083H         SYMBOL        DPH
  D:0082H         SYMBOL        DPL
  N:0000H         SYMBOL        IBPSTACK
  N:0100H         SYMBOL        IBPSTACKTOP
  N:0080H         SYMBOL        IDATALEN
  C:00EEH         SYMBOL        IDATALOOP
  N:0000H         SYMBOL        PBPSTACK
  N:0100H         SYMBOL        PBPSTACKTOP
  N:0000H         SYMBOL        PDATALEN
  N:0000H         SYMBOL        PDATASTART
  N:0000H         SYMBOL        PPAGE
  N:0000H         SYMBOL        PPAGEENABLE
  D:00A0H         SYMBOL        PPAGE_SFR
  D:0081H         SYMBOL        SP
  C:00EBH         SYMBOL        STARTUP1
  N:0000H         SYMBOL        XBPSTACK
  N:0000H         SYMBOL        XBPSTACKTOP
  N:0000H         SYMBOL        XDATALEN
  N:0000H         SYMBOL        XDATASTART
  C:0000H         LINE#         126
  C:00EBH         LINE#         133
  C:00EDH         LINE#         134
  C:00EEH         LINE#         135
  C:00EFH         LINE#         136
  C:00F1H         LINE#         185
  C:00F4H         LINE#         196
  -------         ENDMOD        ?C_STARTUP

  -------         MODULE        MAIN
  C:0000H         SYMBOL        _ICE_DUMMY_
  D:0090H         PUBLIC        P1
  D:00A0H         PUBLIC        P2
  B:00A8H.7       PUBLIC        EA
  C:0003H         PUBLIC        main
  D:0008H         PUBLIC        count
  C:001EH         PUBLIC        disp
  C:0177H         PUBLIC        timer_1
  D:0089H         PUBLIC        TMOD
  D:0009H         PUBLIC        sec
  D:000AH         PUBLIC        hour
  D:000BH         PUBLIC        min
  B:00A8H.3       PUBLIC        ET1
  D:008DH         PUBLIC        TH1
  D:008BH         PUBLIC        TL1
  B:0088H.6       PUBLIC        TR1
  -------         PROC          TIMER_1
  C:0177H         LINE#         14
  C:0179H         LINE#         16
BL51 BANKED LINKER/LOCATER V6.22.2.0                                                  11/18/2020  11:13:27  PAGE 3


  C:017BH         LINE#         17
  C:017EH         LINE#         18
  C:0181H         LINE#         19
  C:0187H         LINE#         20
  C:0187H         LINE#         21
  C:0189H         LINE#         22
  C:018BH         LINE#         23
  C:0191H         LINE#         24
  C:0191H         LINE#         25
  C:0193H         LINE#         26
  C:0195H         LINE#         27
  C:019BH         LINE#         28
  C:019BH         LINE#         29
  C:019DH         LINE#         30
  C:019FH         LINE#         31
  C:01A5H         LINE#         32
  C:01A5H         LINE#         33
  C:01A7H         LINE#         34
  C:01A7H         LINE#         35
  C:01A7H         LINE#         37
  C:01A7H         LINE#         39
  C:01A7H         LINE#         40
  -------         ENDPROC       TIMER_1
  -------         PROC          DISP
  -------         DO            
  D:0007H         SYMBOL        j
  C:01B7H         SYMBOL        led
  -------         ENDDO         
  C:001EH         LINE#         47
  C:001EH         LINE#         48
  C:001EH         LINE#         55
  C:0021H         LINE#         56
  C:002FH         LINE#         57
  C:0032H         LINE#         58
  C:0041H         LINE#         59
  C:0044H         LINE#         60
  C:0050H         LINE#         61
  C:0053H         LINE#         62
  C:0062H         LINE#         64
  C:0065H         LINE#         65
  C:0073H         LINE#         66
  C:0076H         LINE#         67
  C:0085H         LINE#         68
  C:0088H         LINE#         69
  C:0094H         LINE#         70
  C:0097H         LINE#         71
  C:00A6H         LINE#         73
  C:00A9H         LINE#         74
  C:00B7H         LINE#         75
  C:00BAH         LINE#         76
  C:00C9H         LINE#         77
  C:00CCH         LINE#         78
  C:00D8H         LINE#         79
  C:00DBH         LINE#         80
  C:00EAH         LINE#         81
  -------         ENDPROC       DISP
  -------         PROC          MAIN
BL51 BANKED LINKER/LOCATER V6.22.2.0                                                  11/18/2020  11:13:27  PAGE 4


  C:0003H         LINE#         83
  C:0003H         LINE#         84
  C:0003H         LINE#         85
  C:0006H         LINE#         86
  C:0009H         LINE#         87
  C:000CH         LINE#         88
  C:000EH         LINE#         89
  C:0010H         LINE#         90
  C:0012H         LINE#         91
  C:0012H         LINE#         92
  C:0012H         LINE#         93
  C:0015H         LINE#         94
  -------         ENDPROC       MAIN
  -------         ENDMOD        MAIN

Program Size: data=13.0 xdata=0 code=445
LINK/LOCATE RUN COMPLETE.  0 WARNING(S),  0 ERROR(S)
