BL51 BANKED LINKER/LOCATER V6.22.2.0                                                    11/12/2020  15:24:04  PAGE 1


BL51 BANKED LINKER/LOCATER V6.22.2.0, INVOKED BY:
C:\PROGRAM FILES (X86)\KEIL_V5\C51\BIN\BL51.EXE .\Objects\STARTUP.obj, .\Objects\main.obj TO .\Objects\test PRINT (.\Lis
>> tings\test.m51) RAMSIZE (256)


MEMORY MODEL: SMALL


INPUT MODULES INCLUDED:
  .\Objects\STARTUP.obj (?C_STARTUP)
  .\Objects\main.obj (MAIN)
  C:\PROGRAM FILES (X86)\KEIL_V5\C51\LIB\C51S.LIB (?C_INIT)
  C:\PROGRAM FILES (X86)\KEIL_V5\C51\LIB\C51S.LIB (?C?COPY)


LINK MAP OF MODULE:  .\Objects\test (?C_STARTUP)


            TYPE    BASE      LENGTH    RELOCATION   SEGMENT NAME
            -----------------------------------------------------

            * * * * * * *   D A T A   M E M O R Y   * * * * * * *
            REG     0000H     0008H     ABSOLUTE     "REG BANK 0"
            DATA    0008H     000BH     UNIT         _DATA_GROUP_
            DATA    0013H     0002H     UNIT         ?DT?MAIN
            IDATA   0015H     0001H     UNIT         ?STACK

            * * * * * * *   C O D E   M E M O R Y   * * * * * * *
            CODE    0000H     0003H     ABSOLUTE     
            CODE    0003H     0016H     UNIT         ?PR?MAIN?MAIN
                    0019H     0002H                  *** GAP ***
            CODE    001BH     0003H     ABSOLUTE     
            CODE    001EH     00F6H     UNIT         ?C?LIB_CODE
            CODE    0114H     008CH     UNIT         ?C_C51STARTUP
            CODE    01A0H     0030H     UNIT         ?PR?_DISP?MAIN
            CODE    01D0H     001FH     UNIT         ?PR?TIMER_1?MAIN
            CODE    01EFH     000AH     UNIT         ?CO?MAIN
            CODE    01F9H     0007H     UNIT         ?C_INITSEG



OVERLAY MAP OF MODULE:   .\Objects\test (?C_STARTUP)


SEGMENT                          DATA_GROUP 
  +--> CALLED SEGMENT          START    LENGTH
----------------------------------------------
?C_C51STARTUP                  -----    -----
  +--> ?PR?MAIN?MAIN
  +--> ?C_INITSEG

?PR?MAIN?MAIN                  -----    -----
  +--> ?PR?_DISP?MAIN

?PR?_DISP?MAIN                 0008H    000BH
  +--> ?CO?MAIN


BL51 BANKED LINKER/LOCATER V6.22.2.0                                                  11/12/2020  15:24:04  PAGE 2



SYMBOL TABLE OF MODULE:  .\Objects\test (?C_STARTUP)

  VALUE           TYPE          NAME
  ----------------------------------

  -------         MODULE        ?C_STARTUP
  C:0114H         SEGMENT       ?C_C51STARTUP
  I:0015H         SEGMENT       ?STACK
  C:0000H         PUBLIC        ?C_STARTUP
  D:00E0H         SYMBOL        ACC
  D:00F0H         SYMBOL        B
  D:0083H         SYMBOL        DPH
  D:0082H         SYMBOL        DPL
  N:0000H         SYMBOL        IBPSTACK
  N:0100H         SYMBOL        IBPSTACKTOP
  N:0080H         SYMBOL        IDATALEN
  C:0117H         SYMBOL        IDATALOOP
  N:0000H         SYMBOL        PBPSTACK
  N:0100H         SYMBOL        PBPSTACKTOP
  N:0000H         SYMBOL        PDATALEN
  N:0000H         SYMBOL        PDATASTART
  N:0000H         SYMBOL        PPAGE
  N:0000H         SYMBOL        PPAGEENABLE
  D:00A0H         SYMBOL        PPAGE_SFR
  D:0081H         SYMBOL        SP
  C:0114H         SYMBOL        STARTUP1
  N:0000H         SYMBOL        XBPSTACK
  N:0000H         SYMBOL        XBPSTACKTOP
  N:0000H         SYMBOL        XDATALEN
  N:0000H         SYMBOL        XDATASTART
  C:0000H         LINE#         126
  C:0114H         LINE#         133
  C:0116H         LINE#         134
  C:0117H         LINE#         135
  C:0118H         LINE#         136
  C:011AH         LINE#         185
  C:011DH         LINE#         196
  -------         ENDMOD        ?C_STARTUP

  -------         MODULE        MAIN
  C:0000H         SYMBOL        _ICE_DUMMY_
  D:0090H         PUBLIC        P1
  D:00A0H         PUBLIC        P2
  B:00A8H.7       PUBLIC        EA
  C:0003H         PUBLIC        main
  D:0013H         PUBLIC        miao
  D:0014H         PUBLIC        count
  C:01A0H         PUBLIC        _disp
  C:01D0H         PUBLIC        timer_1
  D:0089H         PUBLIC        TMOD
  C:01EFH         SYMBOL        _?ix1000
  B:00A8H.3       PUBLIC        ET1
  D:008DH         PUBLIC        TH1
  D:008BH         PUBLIC        TL1
  B:0088H.6       PUBLIC        TR1
  -------         PROC          TIMER_1
BL51 BANKED LINKER/LOCATER V6.22.2.0                                                  11/12/2020  15:24:04  PAGE 3


  C:01D0H         LINE#         12
  C:01D2H         LINE#         14
  C:01D4H         LINE#         15
  C:01D7H         LINE#         16
  C:01DAH         LINE#         17
  C:01E0H         LINE#         18
  C:01E0H         LINE#         19
  C:01E2H         LINE#         20
  C:01E4H         LINE#         21
  C:01ECH         LINE#         22
  C:01ECH         LINE#         23
  -------         ENDPROC       TIMER_1
  -------         PROC          _DISP
  D:0008H         SYMBOL        i
  -------         DO            
  D:0009H         SYMBOL        led
  -------         ENDDO         
  C:01A0H         LINE#         29
  C:01A2H         LINE#         30
  C:01A2H         LINE#         31
  C:01B5H         LINE#         33
  C:01C1H         LINE#         34
  C:01CFH         LINE#         35
  -------         ENDPROC       _DISP
  -------         PROC          MAIN
  C:0003H         LINE#         37
  C:0003H         LINE#         38
  C:0003H         LINE#         39
  C:0006H         LINE#         40
  C:0009H         LINE#         41
  C:000CH         LINE#         42
  C:000EH         LINE#         43
  C:0010H         LINE#         44
  C:0012H         LINE#         45
  C:0012H         LINE#         46
  C:0012H         LINE#         47
  C:0017H         LINE#         48
  -------         ENDPROC       MAIN
  -------         ENDMOD        MAIN

  -------         MODULE        ?C?COPY
  C:00EEH         PUBLIC        ?C?COPY
  -------         ENDMOD        ?C?COPY

Program Size: data=22.0 xdata=0 code=510
LINK/LOCATE RUN COMPLETE.  0 WARNING(S),  0 ERROR(S)
