BL51 BANKED LINKER/LOCATER V6.22.2.0                                                    12/07/2020  21:21:49  PAGE 1


BL51 BANKED LINKER/LOCATER V6.22.2.0, INVOKED BY:
C:\PROGRAM FILES (X86)\KEIL_V5\C51\BIN\BL51.EXE .\Objects\STARTUP.obj, .\Objects\main.obj TO .\Objects\test PRINT (.\Lis
>> tings\test.m51) RAMSIZE (256)


MEMORY MODEL: SMALL


INPUT MODULES INCLUDED:
  .\Objects\STARTUP.obj (?C_STARTUP)
  .\Objects\main.obj (MAIN)
  C:\PROGRAM FILES (X86)\KEIL_V5\C51\LIB\C51S.LIB (?C_INIT)
  C:\PROGRAM FILES (X86)\KEIL_V5\C51\LIB\C51S.LIB (?C?COPY)


LINK MAP OF MODULE:  .\Objects\test (?C_STARTUP)


            TYPE    BASE      LENGTH    RELOCATION   SEGMENT NAME
            -----------------------------------------------------

            * * * * * * *   D A T A   M E M O R Y   * * * * * * *
            REG     0000H     0008H     ABSOLUTE     "REG BANK 0"
            DATA    0008H     0015H     UNIT         _DATA_GROUP_
            DATA    001DH     0010H     UNIT         ?DT?MAIN
            IDATA   002DH     0001H     UNIT         ?STACK

            * * * * * * *   C O D E   M E M O R Y   * * * * * * *
            CODE    0000H     0003H     ABSOLUTE     
            CODE    0003H     00F6H     UNIT         ?C?LIB_CODE
            CODE    00F9H     008CH     UNIT         ?C_C51STARTUP
            CODE    0185H     006AH     UNIT         ?PR?MAIN?MAIN
            CODE    01EFH     0055H     UNIT         ?PR?KEY_SCAN?MAIN
            CODE    0244H     0013H     UNIT         ?PR?_DELAY?MAIN
            CODE    0257H     0013H     UNIT         ?C_INITSEG
            CODE    026AH     0013H     UNIT         ?CO?MAIN



OVERLAY MAP OF MODULE:   .\Objects\test (?C_STARTUP)


SEGMENT                          DATA_GROUP 
  +--> CALLED SEGMENT          START    LENGTH
----------------------------------------------
?C_C51STARTUP                  -----    -----
  +--> ?PR?MAIN?MAIN
  +--> ?C_INITSEG

?PR?MAIN?MAIN                  0008H    0015H
  +--> ?CO?MAIN
  +--> ?PR?KEY_SCAN?MAIN
  +--> ?PR?_DELAY?MAIN

?PR?KEY_SCAN?MAIN              -----    -----
  +--> ?PR?_DELAY?MAIN


BL51 BANKED LINKER/LOCATER V6.22.2.0                                                  12/07/2020  21:21:49  PAGE 2



SYMBOL TABLE OF MODULE:  .\Objects\test (?C_STARTUP)

  VALUE           TYPE          NAME
  ----------------------------------

  -------         MODULE        ?C_STARTUP
  C:00F9H         SEGMENT       ?C_C51STARTUP
  I:002DH         SEGMENT       ?STACK
  C:0000H         PUBLIC        ?C_STARTUP
  D:00E0H         SYMBOL        ACC
  D:00F0H         SYMBOL        B
  D:0083H         SYMBOL        DPH
  D:0082H         SYMBOL        DPL
  N:0000H         SYMBOL        IBPSTACK
  N:0100H         SYMBOL        IBPSTACKTOP
  N:0080H         SYMBOL        IDATALEN
  C:00FCH         SYMBOL        IDATALOOP
  N:0000H         SYMBOL        PBPSTACK
  N:0100H         SYMBOL        PBPSTACKTOP
  N:0000H         SYMBOL        PDATALEN
  N:0000H         SYMBOL        PDATASTART
  N:0000H         SYMBOL        PPAGE
  N:0000H         SYMBOL        PPAGEENABLE
  D:00A0H         SYMBOL        PPAGE_SFR
  D:0081H         SYMBOL        SP
  C:00F9H         SYMBOL        STARTUP1
  N:0000H         SYMBOL        XBPSTACK
  N:0000H         SYMBOL        XBPSTACKTOP
  N:0000H         SYMBOL        XDATALEN
  N:0000H         SYMBOL        XDATASTART
  C:0000H         LINE#         126
  C:00F9H         LINE#         133
  C:00FBH         LINE#         134
  C:00FCH         LINE#         135
  C:00FDH         LINE#         136
  C:00FFH         LINE#         185
  C:0102H         LINE#         196
  -------         ENDMOD        ?C_STARTUP

  -------         MODULE        MAIN
  C:0000H         SYMBOL        _ICE_DUMMY_
  D:0080H         PUBLIC        P0
  D:0090H         PUBLIC        P1
  D:00B0H         PUBLIC        P3
  C:024CH         PUBLIC        _delay
  C:0185H         PUBLIC        main
  B:00B0H.0       PUBLIC        LOCK
  C:026AH         SYMBOL        _?ix1000
  C:027AH         SYMBOL        _?ix1001
  C:01EFH         PUBLIC        key_scan
  D:001DH         PUBLIC        keyCodeList
  -------         PROC          MAIN
  -------         DO            
  D:0008H         SYMBOL        button
  D:0009H         SYMBOL        pressNumber
  D:000AH         SYMBOL        display
BL51 BANKED LINKER/LOCATER V6.22.2.0                                                  12/07/2020  21:21:49  PAGE 3


  D:001AH         SYMBOL        status
  -------         ENDDO         
  C:0185H         LINE#         12
  C:0185H         LINE#         13
  C:0185H         LINE#         15
  C:0188H         LINE#         16
  C:0199H         LINE#         18
  C:01ACH         LINE#         19
  C:01AFH         LINE#         20
  C:01B1H         LINE#         21
  C:01B4H         LINE#         22
  C:01B4H         LINE#         23
  C:01B4H         LINE#         24
  C:01B9H         LINE#         25
  C:01C6H         LINE#         26
  C:01C6H         LINE#         27
  C:01CCH         LINE#         28
  C:01CCH         LINE#         29
  C:01CFH         LINE#         30
  C:01D2H         LINE#         31
  C:01D5H         LINE#         32
  C:01D7H         LINE#         33
  C:01D9H         LINE#         35
  C:01D9H         LINE#         36
  C:01DDH         LINE#         37
  C:01E0H         LINE#         38
  C:01E3H         LINE#         39
  C:01E5H         LINE#         40
  C:01E7H         LINE#         41
  C:01E7H         LINE#         42
  C:01EDH         LINE#         43
  -------         ENDPROC       MAIN
  -------         PROC          L?0023
  -------         ENDPROC       L?0023
  -------         PROC          _DELAY
  D:0006H         SYMBOL        i
  C:024CH         LINE#         48
  C:024CH         LINE#         49
  C:024CH         LINE#         50
  C:0256H         LINE#         52
  -------         ENDPROC       _DELAY
  -------         PROC          KEY_SCAN
  -------         DO            
  D:0007H         SYMBOL        scan1
  D:0006H         SYMBOL        scan2
  D:0007H         SYMBOL        keyCode
  D:0005H         SYMBOL        keySelect
  D:0006H         SYMBOL        i
  -------         ENDDO         
  C:01EFH         LINE#         55
  C:01EFH         LINE#         56
  C:01EFH         LINE#         60
  C:01F1H         LINE#         61
  C:01F4H         LINE#         62
  C:01F6H         LINE#         63
  C:0202H         LINE#         64
  C:0202H         LINE#         65
BL51 BANKED LINKER/LOCATER V6.22.2.0                                                  12/07/2020  21:21:49  PAGE 4


  C:0209H         LINE#         66
  C:020BH         LINE#         67
  C:0217H         LINE#         68
  C:0217H         LINE#         69
  C:021AH         LINE#         70
  C:021CH         LINE#         71
  C:021FH         LINE#         72
  C:0232H         LINE#         73
  C:0232H         LINE#         74
  C:023AH         LINE#         75
  C:023AH         LINE#         76
  C:023CH         LINE#         77
  C:023EH         LINE#         78
  C:023EH         LINE#         79
  C:0241H         LINE#         80
  C:0241H         LINE#         81
  C:0241H         LINE#         82
  C:0243H         LINE#         83
  -------         ENDPROC       KEY_SCAN
  -------         ENDMOD        MAIN

  -------         MODULE        ?C?COPY
  C:00D3H         PUBLIC        ?C?COPY
  -------         ENDMOD        ?C?COPY

Program Size: data=46.0 xdata=0 code=637
LINK/LOCATE RUN COMPLETE.  0 WARNING(S),  0 ERROR(S)
