C51 COMPILER V9.60.0.0   ____9_1LCD12864________                                           12/06/2020 18:48:48 PAGE 1   


C51 COMPILER V9.60.0.0, COMPILATION OF MODULE ____9_1LCD12864________
OBJECT MODULE PLACED IN .\Objects\ÈÎÎñ9-1LCD12864Çý¶¯³ÌÐò.obj
COMPILER INVOKED BY: C:\Program Files (x86)\Keil_v5\C51\BIN\C51.EXE src\ÈÎÎñ9-1LCD12864Çý¶¯³ÌÐò.c OPTIMIZE(8,SPEED) BROW
                    -SE DEBUG OBJECTEXTEND PRINT(.\Listings\ÈÎÎñ9-1LCD12864Çý¶¯³ÌÐò.lst) TABS(2) OBJECT(.\Objects\ÈÎÎñ9-1LCD12864Çý¶¯³ÌÐò.obj
                    -)

line level    source

*** ERROR C100 IN LINE 1 OF src\ÈÎÎñ9-1LCD12864Ç¶¯³ÌÐò.c: unprintable character 0xEF skipped
*** ERROR C100 IN LINE 1 OF src\ÈÎÎñ9-1LCD12864Ç¶¯³ÌÐò.c: unprintable character 0xBB skipped
*** ERROR C100 IN LINE 1 OF src\ÈÎÎñ9-1LCD12864Ç¶¯³ÌÐò.c: unprintable character 0xBF skipped
*** WARNING C318 IN LINE 7 OF src\ÈÎÎñ9-1LCD12864Ç¶¯³ÌÐò.c: can't open file 'stRSo.h'
*** ERROR C202 IN LINE 108 OF src\ÈÎÎñ9-1LCD12864Ç¶¯³ÌÐò.c: 'uchar': undefined identifier
*** ERROR C141 IN LINE 108 OF src\ÈÎÎñ9-1LCD12864Ç¶¯³ÌÐò.c: syntax error near 'dat', expected ';'
*** ERROR C202 IN LINE 115 OF src\ÈÎÎñ9-1LCD12864Ç¶¯³ÌÐò.c: 'dat': undefined identifier
*** ERROR C202 IN LINE 117 OF src\ÈÎÎñ9-1LCD12864Ç¶¯³ÌÐò.c: 'dat': undefined identifier
*** ERROR C202 IN LINE 118 OF src\ÈÎÎñ9-1LCD12864Ç¶¯³ÌÐò.c: 'dat': undefined identifier
*** ERROR C141 IN LINE 122 OF src\ÈÎÎñ9-1LCD12864Ç¶¯³ÌÐò.c: syntax error near 'command', expected ')'
*** ERROR C202 IN LINE 127 OF src\ÈÎÎñ9-1LCD12864Ç¶¯³ÌÐò.c: 'command': undefined identifier
*** ERROR C141 IN LINE 133 OF src\ÈÎÎñ9-1LCD12864Ç¶¯³ÌÐò.c: syntax error near 'dat', expected ')'
*** ERROR C202 IN LINE 138 OF src\ÈÎÎñ9-1LCD12864Ç¶¯³ÌÐò.c: 'dat': undefined identifier
*** ERROR C141 IN LINE 144 OF src\ÈÎÎñ9-1LCD12864Ç¶¯³ÌÐò.c: syntax error near 'line', expected ')'
*** ERROR C202 IN LINE 146 OF src\ÈÎÎñ9-1LCD12864Ç¶¯³ÌÐò.c: 'line': undefined identifier
*** ERROR C202 IN LINE 147 OF src\ÈÎÎñ9-1LCD12864Ç¶¯³ÌÐò.c: 'line': undefined identifier
*** ERROR C202 IN LINE 148 OF src\ÈÎÎñ9-1LCD12864Ç¶¯³ÌÐò.c: 'line': undefined identifier
*** ERROR C141 IN LINE 152 OF src\ÈÎÎñ9-1LCD12864Ç¶¯³ÌÐò.c: syntax error near 'column', expected ')'
*** ERROR C202 IN LINE 154 OF src\ÈÎÎñ9-1LCD12864Ç¶¯³ÌÐò.c: 'column': undefined identifier
*** ERROR C202 IN LINE 155 OF src\ÈÎÎñ9-1LCD12864Ç¶¯³ÌÐò.c: 'column': undefined identifier
*** ERROR C202 IN LINE 156 OF src\ÈÎÎñ9-1LCD12864Ç¶¯³ÌÐò.c: 'column': undefined identifier
*** ERROR C141 IN LINE 160 OF src\ÈÎÎñ9-1LCD12864Ç¶¯³ÌÐò.c: syntax error near 'startline', expected ')'
*** ERROR C202 IN LINE 162 OF src\ÈÎÎñ9-1LCD12864Ç¶¯³ÌÐò.c: 'startline': undefined identifier
*** ERROR C202 IN LINE 163 OF src\ÈÎÎñ9-1LCD12864Ç¶¯³ÌÐò.c: 'startline': undefined identifier
*** ERROR C202 IN LINE 164 OF src\ÈÎÎñ9-1LCD12864Ç¶¯³ÌÐò.c: 'startline': undefined identifier
*** ERROR C141 IN LINE 168 OF src\ÈÎÎñ9-1LCD12864Ç¶¯³ÌÐò.c: syntax error near 'onoff', expected ')'
*** ERROR C202 IN LINE 170 OF src\ÈÎÎñ9-1LCD12864Ç¶¯³ÌÐò.c: 'onoff': undefined identifier
*** ERROR C202 IN LINE 171 OF src\ÈÎÎñ9-1LCD12864Ç¶¯³ÌÐò.c: 'onoff': undefined identifier
*** ERROR C141 IN LINE 175 OF src\ÈÎÎñ9-1LCD12864Ç¶¯³ÌÐò.c: syntax error near 'screE', expected ')'
*** ERROR C202 IN LINE 177 OF src\ÈÎÎñ9-1LCD12864Ç¶¯³ÌÐò.c: 'screE': undefined identifier
*** ERROR C141 IN LINE 195 OF src\ÈÎÎñ9-1LCD12864Ç¶¯³ÌÐò.c: syntax error near 'screE', expected ')'
*** ERROR C202 IN LINE 198 OF src\ÈÎÎñ9-1LCD12864Ç¶¯³ÌÐò.c: 'screE': undefined identifier
*** ERROR C202 IN LINE 212 OF src\ÈÎÎñ9-1LCD12864Ç¶¯³ÌÐò.c: 'uchar': undefined identifier
*** ERROR C141 IN LINE 212 OF src\ÈÎÎñ9-1LCD12864Ç¶¯³ÌÐò.c: syntax error near 'i', expected ';'
*** ERROR C202 IN LINE 213 OF src\ÈÎÎñ9-1LCD12864Ç¶¯³ÌÐò.c: 'i': undefined identifier
*** ERROR C141 IN LINE 225 OF src\ÈÎÎñ9-1LCD12864Ç¶¯³ÌÐò.c: syntax error near 'x', expected ')'
*** ERROR C141 IN LINE 226 OF src\ÈÎÎñ9-1LCD12864Ç¶¯³ÌÐò.c: syntax error near '{', expected 'hdata'
*** ERROR C141 IN LINE 228 OF src\ÈÎÎñ9-1LCD12864Ç¶¯³ÌÐò.c: syntax error near 'for', expected 'hdata'
*** ERROR C141 IN LINE 228 OF src\ÈÎÎñ9-1LCD12864Ç¶¯³ÌÐò.c: syntax error near '=', expected ')'
*** ERROR C129 IN LINE 228 OF src\ÈÎÎñ9-1LCD12864Ç¶¯³ÌÐò.c: missing ';' before '<'

C51 COMPILATION COMPLETE.  1 WARNING(S),  39 ERROR(S)
